============================= test session starts =============================
platform win32 -- Python 3.13.2, pytest-9.0.1, pluggy-1.6.0 -- C:\Program Files\Python313\python.exe
cachedir: .pytest_cache
rootdir: C:\Users\HP\Documents\antigravity\smart-nutrition-system\backend
configfile: pytest.ini
plugins: anyio-4.9.0, langsmith-0.4.48, pythonpath-0.7.4
collecting ... collected 7 items

test_profile.py::test_profile_update ERROR                               [ 14%]
test_profile.py::test_profile_get ERROR                                  [ 28%]
tests/test_core.py::test_register_user PASSED                            [ 42%]
tests/test_core.py::test_login_user PASSED                               [ 57%]
tests/test_core.py::test_create_food_and_log_meal PASSED                 [ 71%]
tests/test_core.py::test_unauthorized_log_access PASSED                  [ 85%]
tests/test_daily_logs.py::test_daily_logs_filtering PASSED               [100%]

=================================== ERRORS ====================================
____________________ ERROR at setup of test_profile_update ____________________
file C:\Users\HP\Documents\antigravity\smart-nutrition-system\backend\test_profile.py, line 29
  def test_profile_update(token):
E       fixture 'token' not found
>       available fixtures: anyio_backend, anyio_backend_name, anyio_backend_options, cache, capfd, capfdbinary, caplog, capsys, capsysbinary, capteesys, doctest_namespace, free_tcp_port, free_tcp_port_factory, free_udp_port, free_udp_port_factory, monkeypatch, pytestconfig, record_property, record_testsuite_property, record_xml_attribute, recwarn, subtests, tmp_path, tmp_path_factory, tmpdir, tmpdir_factory
>       use 'pytest --fixtures [testpath]' for help on them.

C:\Users\HP\Documents\antigravity\smart-nutrition-system\backend\test_profile.py:29
_____________________ ERROR at setup of test_profile_get ______________________
file C:\Users\HP\Documents\antigravity\smart-nutrition-system\backend\test_profile.py, line 55
  def test_profile_get(token):
E       fixture 'token' not found
>       available fixtures: anyio_backend, anyio_backend_name, anyio_backend_options, cache, capfd, capfdbinary, caplog, capsys, capsysbinary, capteesys, doctest_namespace, free_tcp_port, free_tcp_port_factory, free_udp_port, free_udp_port_factory, monkeypatch, pytestconfig, record_property, record_testsuite_property, record_xml_attribute, recwarn, subtests, tmp_path, tmp_path_factory, tmpdir, tmpdir_factory
>       use 'pytest --fixtures [testpath]' for help on them.

C:\Users\HP\Documents\antigravity\smart-nutrition-system\backend\test_profile.py:55
=========================== short test summary info ===========================
ERROR test_profile.py::test_profile_update
ERROR test_profile.py::test_profile_get
========================= 5 passed, 2 errors in 0.35s =========================
